[epss1.odoo.com/index.html]
[backblue.gif]
[fade.gif]
[index.html]
[epss1.odoo.com/web/image/website/1/Ep Sounds4f8c.webp]
[epss1.odoo.com/web/image/website/1/logo/Ep Sounds4f8c.webp]
[epss1.odoo.com/web/image/website/1/Ep Sounds4f8c.ico]
[epss1.odoo.com/web/static/src/libs/fontawesome/fonts/fontawesome-webfont3e6e.woff2]
[epss1.odoo.com/web/assets/1/c227b4f/web.assets_frontend.min.css]
[epss1.odoo.com/web/assets/1/2b31a4e/web.assets_frontend_minimal.min.js]
[epss1.odoo.com/web/image/website/1/logo/Ep Sounds4f8c-2.webp]
[epss1.odoo.com/contactus.html]
[epss1.odoo.com/about.html]
[epss1.odoo.com/sell-your-music.html]
[epss1.odoo.com/artists.html]
[epss1.odoo.com/Latest Releases]
[epss1.odoo.com/web/image/website.s_banner_default_image_2.jpg]
[epss1.odoo.com/web/image/website.s_banner_default_image_3.jpg]
[epss1.odoo.com/web/image/website.s_banner_default_image.jpg]
[epss1.odoo.com/web/image/269-f42234a8/website_logo-svg.webp]
[epss1.odoo.com/web/static/img/odoo_logo_tiny.png]
[epss1.odoo.com/index.html]
[epss1.odoo.com/web/static/img/transparent.png]
[epss1.odoo.com/web/static/src/libs/fontawesome/fonts/fontawesome-webfont3e6e.woff]
[epss1.odoo.com/web/static/lib/odoo_ui_icons/fonts/odoo_ui_icons.woff2]
[epss1.odoo.com/web/static/lib/odoo_ui_icons/fonts/odoo_ui_icons.woff]
[epss1.odoo.com/web/static/lib/select2/select2.png]
[epss1.odoo.com/web/static/lib/select2/select2-spinner.gif]
[epss1.odoo.com/web/static/lib/select2/select2x2.png]
[epss1.odoo.com/web/static/fonts/tiktok_only.woff]
[epss1.odoo.com/web/static/img/openhand.cur]
[epss1.odoo.com/web/assets/1/c227b4f/web.assets_frontend.min.css]
[epss1.odoo.com/contactus.html]
[epss1.odoo.com/_/web_editor/shape/web_editor/Origins/17a68b.svg]
[epss1.odoo.com/about.html]
[epss1.odoo.com/_/web_editor/shape/web_editor/Rainy/03_001f93a.svg]
[epss1.odoo.com/sell-your-music.html]
[epss1.odoo.com/artists.html]
[epss1.odoo.com/Latest Releases.html]
[epss1.odoo.com/web/static/img/empty_folder.svg]
[epss1.odoo.com/web/static/img/mimetypes/unknown.svg]
[epss1.odoo.com/web/static/img/mimetypes/image.svg]
[epss1.odoo.com/web/static/img/mimetypes/audio.svg]
[epss1.odoo.com/web/static/img/mimetypes/text.svg]
[epss1.odoo.com/web/static/img/mimetypes/binary.svg]
[epss1.odoo.com/web/static/img/mimetypes/video.svg]
[epss1.odoo.com/web/static/img/mimetypes/archive.svg]
[epss1.odoo.com/web/static/img/mimetypes/pdf.svg]
[epss1.odoo.com/web/static/img/mimetypes/document.svg]
[epss1.odoo.com/web/static/img/mimetypes/web_code.svg]
[epss1.odoo.com/web/static/img/mimetypes/web_style.svg]
[epss1.odoo.com/web/static/img/mimetypes/disk.svg]
[epss1.odoo.com/web/static/img/mimetypes/spreadsheet.svg]
[epss1.odoo.com/web/static/img/mimetypes/certificate.svg]
[epss1.odoo.com/web/static/img/mimetypes/presentation.svg]
[epss1.odoo.com/web/static/img/mimetypes/font.svg]
[epss1.odoo.com/web/static/img/mimetypes/print.svg]
[epss1.odoo.com/web/static/img/mimetypes/script.svg]
[epss1.odoo.com/web/static/img/mimetypes/javascript.svg]
[epss1.odoo.com/web/static/img/mimetypes/calendar.svg]
[epss1.odoo.com/web/static/img/mimetypes/vector.svg]
[epss1.odoo.com/web_editor/static/src/img/curved_arrow.svg]
[epss1.odoo.com/web_editor/shape/web_editor/Airy/01c368.svg]
[epss1.odoo.com/web_editor/shape/web_editor/Airy/02c368.svg]
[epss1.odoo.com/web_editor/shape/web_editor/Airy/0314ce.svg]
[epss1.odoo.com/web_editor/shape/web_editor/Airy/03_00114ce.svg]
[epss1.odoo.com/web_editor/shape/web_editor/Airy/04c368.svg]
[epss1.odoo.com/web_editor/shape/web_editor/Airy/04_001c368.svg]
[epss1.odoo.com/web_editor/shape/web_editor/Airy/05c368.svg]
[epss1.odoo.com/web_editor/shape/web_editor/Airy/05_001c368.svg]
[epss1.odoo.com/web_editor/shape/web_editor/Airy/06b7bb.svg]
[epss1.odoo.com/web_editor/shape/web_editor/Airy/07b7bb.svg]
[epss1.odoo.com/web_editor/shape/web_editor/Airy/08c368.svg]
[epss1.odoo.com/web_editor/shape/web_editor/Airy/09c368.svg]
[epss1.odoo.com/web_editor/shape/web_editor/Airy/1014ce.svg]
[epss1.odoo.com/web_editor/shape/web_editor/Airy/1114ce.svg]
[epss1.odoo.com/web_editor/shape/web_editor/Airy/126b15.svg]
[epss1.odoo.com/web_editor/shape/web_editor/Airy/128bee.svg]
[epss1.odoo.com/web_editor/shape/web_editor/Airy/12_0018bee.svg]
[epss1.odoo.com/web_editor/shape/web_editor/Airy/12_001d16b.svg]
[epss1.odoo.com/web_editor/shape/web_editor/Airy/139982.svg]
[epss1.odoo.com/web_editor/shape/web_editor/Airy/13_0019982.svg]
[epss1.odoo.com/web_editor/shape/web_editor/Airy/149982.svg]
[epss1.odoo.com/web_editor/shape/web_editor/Blobs/01b7bb.svg]
[epss1.odoo.com/web_editor/shape/web_editor/Blobs/01_001b7bb.svg]
[epss1.odoo.com/web_editor/shape/web_editor/Blobs/02b452.svg]
[epss1.odoo.com/web_editor/shape/web_editor/Blobs/03b7bb.svg]
[epss1.odoo.com/web_editor/shape/web_editor/Blobs/0414ce.svg]
[epss1.odoo.com/web_editor/shape/web_editor/Blobs/05c368.svg]
[epss1.odoo.com/web_editor/shape/web_editor/Blobs/06c368.svg]
[epss1.odoo.com/web_editor/shape/web_editor/Blobs/0714ce.svg]
[epss1.odoo.com/web_editor/shape/web_editor/Blobs/08c368.svg]
[epss1.odoo.com/web_editor/shape/web_editor/Blobs/0932b8.svg]
[epss1.odoo.com/web_editor/shape/web_editor/Blobs/10dd80.svg]
[epss1.odoo.com/web_editor/shape/web_editor/Blobs/10_001c368.svg]
[epss1.odoo.com/web_editor/shape/web_editor/Blobs/11c368.svg]
[epss1.odoo.com/web_editor/shape/web_editor/Blobs/12c368.svg]
[epss1.odoo.com/web_editor/shape/web_editor/Blocks/01446c.svg]
[epss1.odoo.com/web_editor/shape/web_editor/Blocks/01_001446c.svg]
[epss1.odoo.com/web_editor/shape/web_editor/Blocks/02446c.svg]
[epss1.odoo.com/web_editor/shape/web_editor/Blocks/02_001446c.svg]
[epss1.odoo.com/web_editor/shape/web_editor/Blocks/039982.svg]
[epss1.odoo.com/web_editor/shape/web_editor/Blocks/047677.svg]
[epss1.odoo.com/web_editor/shape/web_editor/Bold/01b7bb.svg]
[epss1.odoo.com/web_editor/shape/web_editor/Bold/029546.svg]
[epss1.odoo.com/web_editor/shape/web_editor/Bold/03446c.svg]
[epss1.odoo.com/web_editor/shape/web_editor/Bold/0464c7.svg]
[epss1.odoo.com/web_editor/shape/web_editor/Bold/0514ce.svg]
[epss1.odoo.com/web_editor/shape/web_editor/Bold/05_00132b8.svg]
[epss1.odoo.com/web_editor/shape/web_editor/Bold/0614ce.svg]
[epss1.odoo.com/web_editor/shape/web_editor/Bold/06_00132b8.svg]
[epss1.odoo.com/web_editor/shape/web_editor/Bold/07b452.svg]
[epss1.odoo.com/web_editor/shape/web_editor/Bold/07_001b452.svg]
[epss1.odoo.com/web_editor/shape/web_editor/Bold/08c368.svg]
[epss1.odoo.com/web_editor/shape/web_editor/Bold/0964c7.svg]
[epss1.odoo.com/web_editor/shape/web_editor/Bold/10eda7.svg]
[epss1.odoo.com/web_editor/shape/web_editor/Bold/10_001cc56.svg]
[epss1.odoo.com/web_editor/shape/web_editor/Bold/119546.svg]
[epss1.odoo.com/web_editor/shape/web_editor/Bold/11_001b452.svg]
[epss1.odoo.com/web_editor/shape/web_editor/Bold/126418.svg]
[epss1.odoo.com/web_editor/shape/web_editor/Bold/12_0016418.svg]
[epss1.odoo.com/web_editor/shape/web_editor/Floats/012cf8.svg]
[epss1.odoo.com/web_editor/shape/web_editor/Floats/0226dd.svg]
[epss1.odoo.com/web_editor/shape/web_editor/Floats/037677.svg]
[epss1.odoo.com/web_editor/shape/web_editor/Floats/046ef5.svg]
[epss1.odoo.com/web_editor/shape/web_editor/Floats/057677.svg]
[epss1.odoo.com/web_editor/shape/web_editor/Floats/067677.svg]
[epss1.odoo.com/web_editor/shape/web_editor/Floats/077677.svg]
[epss1.odoo.com/web_editor/shape/web_editor/Floats/087677.svg]
[epss1.odoo.com/web_editor/shape/web_editor/Floats/099546.svg]
[epss1.odoo.com/web_editor/shape/web_editor/Floats/107677.svg]
[epss1.odoo.com/web_editor/shape/web_editor/Floats/117aa1.svg]
[epss1.odoo.com/web_editor/shape/web_editor/Floats/127677.svg]
[epss1.odoo.com/web_editor/shape/web_editor/Floats/136418.svg]
[epss1.odoo.com/web_editor/shape/web_editor/Floats/147677.svg]
[epss1.odoo.com/web_editor/shape/web_editor/Origins/0135da.svg]
[epss1.odoo.com/web_editor/shape/web_editor/Origins/0232b8.svg]
[epss1.odoo.com/web_editor/shape/web_editor/Origins/02_001d1e5.svg]
[epss1.odoo.com/web_editor/shape/web_editor/Origins/0332b8.svg]
[epss1.odoo.com/web_editor/shape/web_editor/Origins/0432b8.svg]
[epss1.odoo.com/web_editor/shape/web_editor/Origins/04_00132b8.svg]
[epss1.odoo.com/web_editor/shape/web_editor/Origins/0532b8.svg]
[epss1.odoo.com/web_editor/shape/web_editor/Origins/0632b8.svg]
[epss1.odoo.com/web_editor/shape/web_editor/Origins/06_001b5d7.svg]
[epss1.odoo.com/web_editor/shape/web_editor/Origins/0732b8.svg]
[epss1.odoo.com/web_editor/shape/web_editor/Origins/07_001eeab.svg]
[epss1.odoo.com/web_editor/shape/web_editor/Origins/07_002305e.svg]
[epss1.odoo.com/web_editor/shape/web_editor/Origins/0832b8.svg]
[epss1.odoo.com/web_editor/shape/web_editor/Origins/09dd80.svg]
[epss1.odoo.com/web_editor/shape/web_editor/Origins/09_00132b8.svg]
[epss1.odoo.com/web_editor/shape/web_editor/Origins/1035da.svg]
[epss1.odoo.com/web_editor/shape/web_editor/Origins/11eeab.svg]
[epss1.odoo.com/web_editor/shape/web_editor/Origins/11_001b5d7.svg]
[epss1.odoo.com/web_editor/shape/web_editor/Origins/12eeab.svg]
[epss1.odoo.com/web_editor/shape/web_editor/Origins/13eeab.svg]
[epss1.odoo.com/web_editor/shape/web_editor/Origins/141c53.svg]
[epss1.odoo.com/web_editor/shape/web_editor/Origins/14_001b5d7.svg]
[epss1.odoo.com/web_editor/shape/web_editor/Origins/151c53.svg]
[epss1.odoo.com/web_editor/shape/web_editor/Origins/16f235.svg]
[epss1.odoo.com/web_editor/shape/web_editor/Origins/1732b8.svg]
[epss1.odoo.com/web_editor/shape/web_editor/Origins/18c368.svg]
[epss1.odoo.com/web_editor/shape/web_editor/Rainy/01dd80.svg]
[epss1.odoo.com/web_editor/shape/web_editor/Rainy/01_001dd80.svg]
[epss1.odoo.com/web_editor/shape/web_editor/Rainy/02cc56.svg]
[epss1.odoo.com/web_editor/shape/web_editor/Rainy/02_001cc56.svg]
[epss1.odoo.com/web_editor/shape/web_editor/Rainy/03bbcd.svg]
[epss1.odoo.com/web_editor/shape/web_editor/Rainy/03_00135da.svg]
[epss1.odoo.com/web_editor/shape/web_editor/Rainy/04dd80.svg]
[epss1.odoo.com/web_editor/shape/web_editor/Rainy/05dd80.svg]
[epss1.odoo.com/web_editor/shape/web_editor/Rainy/05_001c368.svg]
[epss1.odoo.com/web_editor/shape/web_editor/Rainy/069546.svg]
[epss1.odoo.com/web_editor/shape/web_editor/Rainy/079546.svg]
[epss1.odoo.com/web_editor/shape/web_editor/Rainy/089982.svg]
[epss1.odoo.com/web_editor/shape/web_editor/Rainy/08_0019982.svg]
[epss1.odoo.com/web_editor/shape/web_editor/Rainy/09c368.svg]
[epss1.odoo.com/web_editor/shape/web_editor/Rainy/09_001c368.svg]
[epss1.odoo.com/web_editor/shape/web_editor/Rainy/107aa1.svg]
[epss1.odoo.com/web_editor/shape/web_editor/Wavy/011c53.svg]
[epss1.odoo.com/web_editor/shape/web_editor/Wavy/01_00132b8.svg]
[epss1.odoo.com/web_editor/shape/web_editor/Wavy/021c53.svg]
[epss1.odoo.com/web_editor/shape/web_editor/Wavy/02_001f235.svg]
[epss1.odoo.com/web_editor/shape/web_editor/Wavy/03b452.svg]
[epss1.odoo.com/web_editor/shape/web_editor/Wavy/04f4be.svg]
[epss1.odoo.com/web_editor/shape/web_editor/Wavy/05f4be.svg]
[epss1.odoo.com/web_editor/shape/web_editor/Wavy/06eda7.svg]
[epss1.odoo.com/web_editor/shape/web_editor/Wavy/06_001446c.svg]
[epss1.odoo.com/web_editor/shape/web_editor/Wavy/0732b8.svg]
[epss1.odoo.com/web_editor/shape/web_editor/Wavy/08c974.svg]
[epss1.odoo.com/web_editor/shape/web_editor/Wavy/09dd80.svg]
[epss1.odoo.com/web_editor/shape/web_editor/Wavy/10b452.svg]
[epss1.odoo.com/web_editor/shape/web_editor/Wavy/119982.svg]
[epss1.odoo.com/web_editor/shape/web_editor/Wavy/12c368.svg]
[epss1.odoo.com/web_editor/shape/web_editor/Wavy/12_001c368.svg]
[epss1.odoo.com/web_editor/shape/web_editor/Wavy/131c53.svg]
[epss1.odoo.com/web_editor/shape/web_editor/Wavy/13_001c368.svg]
[epss1.odoo.com/web_editor/shape/web_editor/Wavy/147aa1.svg]
[epss1.odoo.com/web_editor/shape/web_editor/Wavy/15c368.svg]
[epss1.odoo.com/web_editor/shape/web_editor/Wavy/16c368.svg]
[epss1.odoo.com/web_editor/shape/web_editor/Wavy/17c368.svg]
[epss1.odoo.com/web_editor/shape/web_editor/Wavy/1814ce.svg]
[epss1.odoo.com/web_editor/shape/web_editor/Wavy/1914ce.svg]
[epss1.odoo.com/web_editor/shape/web_editor/Wavy/20b7bb.svg]
[epss1.odoo.com/web_editor/shape/web_editor/Wavy/21b7bb.svg]
[epss1.odoo.com/web_editor/shape/web_editor/Wavy/2232b8.svg]
[epss1.odoo.com/web_editor/shape/web_editor/Wavy/2332b8.svg]
[epss1.odoo.com/web_editor/shape/web_editor/Wavy/24b452.svg]
[epss1.odoo.com/web_editor/shape/web_editor/Wavy/25b452.svg]
[epss1.odoo.com/web_editor/shape/web_editor/Wavy/26b452.svg]
[epss1.odoo.com/web_editor/shape/web_editor/Wavy/270557.svg]
[epss1.odoo.com/web_editor/shape/web_editor/Wavy/27ec48.svg]
[epss1.odoo.com/web_editor/shape/web_editor/Wavy/287aa1.svg]
[epss1.odoo.com/web_editor/shape/web_editor/Zigs/01b7bb.svg]
[epss1.odoo.com/web_editor/shape/web_editor/Zigs/01_001b7bb.svg]
[epss1.odoo.com/web_editor/shape/web_editor/Zigs/02b7bb.svg]
[epss1.odoo.com/web_editor/shape/web_editor/Zigs/02_001b7bb.svg]
[epss1.odoo.com/web_editor/shape/web_editor/Zigs/03c368.svg]
[epss1.odoo.com/web_editor/shape/web_editor/Zigs/04c368.svg]
[epss1.odoo.com/web_editor/shape/web_editor/Zigs/0532b8.svg]
[epss1.odoo.com/web_editor/shape/web_editor/Zigs/06d1e5.svg]
[epss1.odoo.com/web_enterprise/static/img/background-light.svg]
[epss1.odoo.com/web/image/319-e9a8d650/about-slider-graphic.svg]
[epss1.odoo.com/_/web_editor/shape/web_editor/Origins/17a68b.html]
[epss1.odoo.com/web/image/337-b8a70600/solution_slider.svg]
[epss1.odoo.com/_/web_editor/shape/web_editor/Rainy/03_001f93a.html]
